Restore Archived Project report for lab3top
Tue Oct 30 18:41:39 2018
Quartus II 32-bit Version 13.0.1 Build 232 06/12/2013 Service Pack 1 SJ Web Edition


---------------------
; Table of Contents ;
---------------------
  1. Legal Notice
  2. Restore Archived Project Summary
  3. Restore Archived Project Messages
  4. Files Restored
  5. Files Not Restored



----------------
; Legal Notice ;
----------------
Copyright (C) 1991-2013 Altera Corporation
Your use of Altera Corporation's design tools, logic functions 
and other software and tools, and its AMPP partner logic 
functions, and any output files from any of the foregoing 
(including device programming or simulation files), and any 
associated documentation or information are expressly subject 
to the terms and conditions of the Altera Program License 
Subscription Agreement, Altera MegaCore Function License 
Agreement, or other applicable license agreement, including, 
without limitation, that your use is for the sole purpose of 
programming logic devices manufactured by Altera and sold by 
Altera or its authorized distributors.  Please refer to the 
applicable agreement for further details.



+-------------------------------------------------------------------------+
; Restore Archived Project Summary                                        ;
+---------------------------------+---------------------------------------+
; Restore Archived Project Status ; Successful - Tue Oct 30 18:41:39 2018 ;
; Revision Name                   ; lab3top                               ;
; Top-level Entity Name           ; lab3top                               ;
; Family                          ; Cyclone IV E                          ;
+---------------------------------+---------------------------------------+


+-----------------------------------+
; Restore Archived Project Messages ;
+-----------------------------------+
Info: Successfully restored 'D:/lab3_Good/CEG-2136-Lab3/Lab 3/lab3top_tmp_archive.qar' into the 'D:/lAB3_FINISHED' directory
Info: Generated report 'lab3top.restore.rpt'


+---------------------------------------------------------+
; Files Restored                                          ;
+---------------------------------------------------------+
; File Name                                               ;
+---------------------------------------------------------+
; Block2.bdf                                              ;
; Lab3.bdf                                                ;
; UpdatedBlock2.bdf                                       ;
; Waveform.vwf                                            ;
; Waveform1.vwf                                           ;
; Waveform3.vwf                                           ;
; Waveform4.vwf                                           ;
; Waveform5.vwf                                           ;
; Waveform6.vwf                                           ;
; anything.vwf                                            ;
; arithcircuit4bits.bdf                                   ;
; assignment_defaults.qdf                                 ;
; db/lab3top_qsim.sim.vwf                                 ;
; fulladder1bit.bdf                                       ;
; incremental_db/compiled_partitions/lab3top.db_info      ;
; incremental_db/compiled_partitions/lab3top_qsim.db_info ;
; lab3top.bdf                                             ;
; lab3top.qpf                                             ;
; lab3top.qsf                                             ;
; lab3top_assignment_defaults.qdf                         ;
; lab3top_qsim.qsf                                        ;
; lab3top_qsim_assignment_defaults.qdf                    ;
; logiccircuit1bit.bdf                                    ;
; logiccircuit4bits.bdf                                   ;
; register4bits.bdf                                       ;
; state4bits.bdf                                          ;
+---------------------------------------------------------+


+--------------------+
; Files Not Restored ;
+--------------------+
; File Name          ;
+--------------------+


